NAME wispnb
STATUS ON
SYMBOLSET "symbol.map"
EXTENT 15000 322000 30000 640000
FONTSET "../fonts/fonts.list"
IMAGECOLOR 255 255 255
WEB
  IMAGEPATH "../temp"
  LOG "pnb_wis.log"
  METADATA
    "wms_title"				"WIS Provincie Noord Brabant"
    "wms_onlineresource"		"http://w1.b3p.nl/cgi-bin/mapserv.exe?map=e:/mapserver/pnb_wis/pnb_wis.map&"
    "wms_srs"				"EPSG:28992"
  END  
END

PROJECTION
  "init=epsg:28992"  
END

# available outputformats
OUTPUTFORMAT
  NAME gif
  DRIVER "GD/GIF"
  MIMETYPE "image/gif"
  IMAGEMODE PC256
  EXTENSION "gif"
  TRANSPARENT ON
END
OUTPUTFORMAT
  NAME png
  DRIVER "GD/PNG"
  MIMETYPE "image/png"
  IMAGEMODE PC256
  EXTENSION "png"
  TRANSPARENT ON
END
#schaal balk
SCALEBAR
	STATUS ON
	UNITS KILOMETERS
	INTERVALS 4
	TRANSPARENT TRUE
	OUTLINECOLOR 0 0 0
END
#legenda
LEGEND
	STATUS ON
	POSITION LR
	TRANSPARENT TRUE
	
END

#LAYER
#	STATUS OFF
#	NAME gstreet-demo
#	TYPE RASTER
#	CONNECTIONTYPE WMS
#	CONNECTION "http://x3.b3p.nl/cgi-bin/mapserv?map=/home/mapserver/gstreet-demo.map&"
#	METADATA
#		"wms_name" "gstreet-demo"
#		"wms_srs" "EPSG:28992"
#		"wms_request" "GetMap"
#		"wms_server_version" "1.1.1"
#		"wms_layers" "gstreet5,gstreet4,gstreet3,gstreet2,gstreet1"
#		"wms_request" "GetMap"
#		"wms_format" "image/png"
#	END
#END

LAYER
	NAME "algm_kom_10_wgw_v"
	STATUS OFF
	GROUP achtergrond
	METADATA
	    "wms_title"				"algm_kom_10_wgw_v"	    
  	END
	CONNECTIONTYPE postgis

	CONNECTION "user=postgres password=***REMOVED*** dbname=pnb_wis host=w1.b3p.nl"
	DATA "the_geom from algm_kom_10_wgw_v"
	TYPE POLYGON
	TRANSPARENCY 20
	DUMP TRUE
	TEMPLATE bla
	LABELITEM "kom"
	CLASS
		NAME "algm_kom_10_wgw_v"
		OUTLINECOLOR 200 0 0
		COLOR 255 0 0
		LABEL
			  ANTIALIAS true
			  FONT arial
			  TYPE TRUETYPE
			  SIZE 11
			  COLOR 255 0 0
			  OUTLINECOLOR 254 254 254 
			  # Dezelfde autoweg minimaal 150 pixels van elkaar meerdere keren labelen
			  MINDISTANCE 100
			  BUFFER 1
			  MINFEATURESIZE 60
        	END
	END
END

LAYER
	STATUS OFF
	METADATA
	    "wms_title"				"algm_pstk_acn_p"	    
  	END
	CONNECTIONTYPE postgis
	NAME "algm_pstk_acn_p"
	CONNECTION "user=postgres password=***REMOVED*** dbname=pnb_wis host=w1.b3p.nl"
	DATA "the_geom from algm_pstk_acn_p"
	MAXSCALE 50000
	TYPE POINT
	DUMP TRUE
	TEMPLATE bla
	CLASS
		NAME "algm_pstk_acn_p"		
		STYLE
			COLOR 0 0 0			
			SYMBOL 'circle'
			SIZE 3
      		END 
		
        END
END
#Weg onderdelen layer
LAYER
	STATUS OFF
	METADATA
	    "wms_title"				"baanvakken"	    
  	END
	CONNECTIONTYPE postgis
	NAME "baanvakken"
	CONNECTION "user=postgres password=***REMOVED*** dbname=pnb_wis host=w1.b3p.nl"
	DATA "the_geom from baanvakken"
	#MAXSCALE 100000
	TYPE POLYGON
	DUMP TRUE
	TEMPLATE bla
	TRANSPARENCY 50
	CLASS
		NAME "baanvakken"
		STYLE
			COLOR 180 180 180
			OUTLINECOLOR 0 0 0
		END
	END
END

LAYER
	STATUS OFF
	METADATA
	    "wms_title"				"cyclomedia"	    
  	END
	CONNECTIONTYPE postgis
	NAME "cyclomedia"
	CONNECTION "user=postgres password=***REMOVED*** dbname=pnb_wis host=w1.b3p.nl"
	DATA "the_geom from cyclomedia"
	#MAXSCALE 200000
	TYPE POINT
	DUMP TRUE
	TEMPLATE bla
	CLASS
		NAME "cyclomedia"
		STYLE
			COLOR 33 0 33
			OUTLINECOLOR 33 0 33
			SYMBOL "cameraico"
		END
	END
END

LAYER
	STATUS OFF
	METADATA
	    "wms_title"				"algm_grs_2006_1_gem_v"	    
  	END
  	GROUP achtergrond
	CONNECTIONTYPE postgis
	NAME "algm_grs_2006_1_gem_v"
	CONNECTION "user=postgres password=***REMOVED*** dbname=pnb_wis host=w1.b3p.nl"
	DATA "the_geom from algm_grs_2006_1_gem_v"
	TYPE POLYGON
	DUMP TRUE
	TEMPLATE bla
	TRANSPARENCY 30
	LABELITEM "gemnaam"
	CLASS
		NAME "algm_grs_2006_1_gem_v"
		STYLE
			OUTLINECOLOR 33 0 33
			COLOR 230 230 230
		END
		LABEL
		  ANTIALIAS true
		  FONT arial
		  TYPE TRUETYPE
		  SIZE 11
		  COLOR 0 0 0
		  OUTLINECOLOR 254 254 254 
		  MINDISTANCE 100
		  BUFFER 1
		  MINFEATURESIZE 60
        	END
	END
END
LAYER
	STATUS OFF
	METADATA
	    "wms_title"				"algm_grs_2006_1_gga_v"	    
  	END
	CONNECTIONTYPE postgis
	NAME "algm_grs_2006_1_gga_v"
	CONNECTION "user=postgres password=***REMOVED*** dbname=pnb_wis host=w1.b3p.nl"
	DATA "the_geom from algm_grs_2006_1_gga_v"
	TYPE POLYGON
	DUMP TRUE
	TEMPLATE bla
	CLASS
		NAME "algm_grs_2006_1_gga_v"
		TEXT ([GGA])
		STYLE
			SYMBOL 'circle'
			SIZE 4
			OUTLINECOLOR 150 150 150
			COLOR -1 -1 -1			
		END
		LABEL
			ANTIALIAS true
			FONT arial-bold
			TYPE TRUETYPE
			SIZE 13
			COLOR 0 0 0
			OUTLINECOLOR 254 254 254 
			BUFFER 1
			MINFEATURESIZE 60
		END
	END
END
# percelen kaart van het kadaster
LAYER
	STATUS OFF
	METADATA
	    "wms_title"				"lki_pnb_v"	    
  	END
	CONNECTIONTYPE postgis
	NAME "lki_pnb_v"
	CONNECTION "user=postgres password=***REMOVED*** dbname=pnb_wis host=w1.b3p.nl"
	DATA "the_geom from lki_pnb_v"
	MAXSCALE 50000
	TYPE POLYGON
	DUMP TRUE
	TEMPLATE bla
	TRANSPARENCY 50
	CLASS
		NAME "lki_pnb_v"
		COLOR 210 210 210
		OUTLINECOLOR 0 0 0		
	END
END
# Bomen layer
LAYER
	STATUS OFF
	METADATA
	    "wms_title"				"verv_beh_vta"	    
  	END
	CONNECTIONTYPE postgis
	NAME "verv_beh_vta"
	CONNECTION "user=postgres password=***REMOVED*** dbname=pnb_wis host=w1.b3p.nl"
	DATA "the_geom from verv_beh_vta"
	#MAXSCALE 100000
	TYPE POINT
	TOLERANCE 20
	DUMP TRUE
	TEMPLATE bla
	CLASS
		NAME "verv_beh_vta"
		STYLE
			COLOR 200 200 200
			OUTLINECOLOR 33 0 33
			SYMBOL "boom"
		END
		
	END
END
#Gladheidbestrijding 
LAYER
	STATUS OFF
	METADATA
	    "wms_title"				"strooiroutes"	    
  	END
	CONNECTIONTYPE postgis
	NAME "strooiroutes"
	CONNECTION "user=postgres password=***REMOVED*** dbname=pnb_wis host=w1.b3p.nl"
	DATA "the_geom from strooiroutes"
	#MAXSCALE 700000
	TYPE LINE
	DUMP TRUE
	TEMPLATE bla
	CLASS
		NAME "strooiroutes"
		STYLE
			COLOR 0 0 0
			SYMBOL "circle"
			SIZE 8
		END
		STYLE
			COLOR 122 215 255
			SYMBOL "circle"
			SIZE 6
		END
	END
END
#Tankstations
LAYER
	STATUS OFF
	METADATA
	    "wms_title"				"tankstations_centroid"	    
  	END
	CONNECTIONTYPE postgis
	NAME "tankstations_centroid"
	CONNECTION "user=postgres password=***REMOVED*** dbname=pnb_wis host=w1.b3p.nl"
	DATA "the_geom from tankstations_centroid"
	#MAXSCALE 700000
	TYPE POINT
	DUMP TRUE
	TEMPLATE bla
	CLASS
		NAME "tankstations_centroid"
		STYLE
			COLOR 200 200 200
			OUTLINECOLOR 33 0 33
			SYMBOL "petrolico"
		END
	END
END
#Verkeer regel installaties
LAYER
	STATUS OFF
	METADATA
	    "wms_title"				"verv_beh_10_vri_p"	    
  	END
	CONNECTIONTYPE postgis
	NAME "verv_beh_10_vri_p"
	CONNECTION "user=postgres password=***REMOVED*** dbname=pnb_wis host=w1.b3p.nl"
	DATA "the_geom from verv_beh_10_vri_p"
	#MAXSCALE 200000
	TYPE POINT
	DUMP TRUE
	TEMPLATE bla
	CLASS
		NAME "verv_beh_10_vri_p"
		COLOR 200 200 200
		OUTLINECOLOR 33 0 33
		SYMBOL "verkeerslicht"
	END
END
# WOL layer
LAYER
	STATUS OFF
	METADATA
	    "wms_title"				"beh_10_wwl_m"	    
  	END
	CONNECTIONTYPE postgis
	NAME "beh_10_wwl_m"
	CONNECTION "user=postgres password=***REMOVED*** dbname=pnb_wis host=w1.b3p.nl"
	DATA "the_geom from beh_10_wwl_m"
	TYPE LINE
	DUMP TRUE
	TEMPLATE bla
	CLASS
		NAME "beh_10_wwl_m"
		STYLE
			COLOR 33 0 33
			OUTLINECOLOR 33 0 33
			SYMBOL "circle"
			SIZE 2
		END
	END
END
#Ecologisch gebieden layer
LAYER
	STATUS OFF
	METADATA
	    "wms_title"				"bel_sp_2002_100_agh_v"	    
  	END
	CONNECTIONTYPE postgis
	NAME "bel_sp_2002_100_agh_v"
	CONNECTION "user=postgres password=***REMOVED*** dbname=pnb_wis host=w1.b3p.nl"
	DATA "the_geom from bel_sp_2002_100_agh_v"
	#MAXSCALE 100000
	TYPE POLYGON
	DUMP TRUE
	TEMPLATE bla
	TRANSPARENCY 50
	CLASS
		TEXT ([sub_klasse])
		NAME "bel_sp_2002_100_agh_v"
		STYLE	
			OUTLINECOLOR 120 120 120		
			COLOR 204 102 0
		END
		LABEL
			ANTIALIAS true
			FONT arial-bold
			TYPE TRUETYPE
			SIZE 10
			COLOR 204 102 0
			OUTLINECOLOR 254 254 254 
			BUFFER 1
			MINFEATURESIZE 100
		END
	END
END

# Groen vakken layer
LAYER
	STATUS OFF
	METADATA
	    "wms_title"				"groenv8"	    
  	END
	CONNECTIONTYPE postgis
	NAME "groenv8"
	CONNECTION "user=postgres password=***REMOVED*** dbname=pnb_wis host=w1.b3p.nl"
	DATA "the_geom from groenv8"
	#MAXSCALE 100000
	TYPE POLYGON
	DUMP TRUE
	TEMPLATE bla
	TRANSPARENCY 50
	CLASS
		NAME "groenv8"
		OUTLINECOLOR 150 150 150
		COLOR 82 163 0
	END
END
#verkeers borden
LAYER
	STATUS OFF
	METADATA
	    "wms_title"				"verkeersborden"	    
  	END
	CONNECTIONTYPE postgis
	NAME "verkeersborden"
	CONNECTION "user=postgres password=***REMOVED*** dbname=pnb_wis host=w1.b3p.nl"
	DATA "the_geom from verkeersborden"
	#MAXSCALE 200000
	TYPE POINT
	DUMP TRUE
	TEMPLATE bla
	CLASS
		NAME "verkeersborden"
		STYLE
			COLOR 33 0 33
			OUTLINECOLOR 33 0 33
			SYMBOL "verkeersbord"
		END
	END	
END
#Hecto meter paaltjes
LAYER
	STATUS OFF
	METADATA
	    "wms_title"				"verv_nwb_hmn_p"
	    "group_title" "hectometrering"
  	END
	CONNECTIONTYPE postgis
	NAME "verv_nwb_hmn_p"
	GROUP hectometrering
	CONNECTION "user=postgres password=***REMOVED*** dbname=pnb_wis host=w1.b3p.nl"
	DATA "the_geom from verv_nwb_hmn_p"
	#MAXSCALE 200000
	TYPE POINT
	DUMP TRUE
	TEMPLATE bla
	CLASS
		NAME "verv_nwb_hmn_p"
		TEXT ([hm])
		COLOR 33 0 33
		OUTLINECOLOR 33 0 33
	    	LABEL
	      		ANTIALIAS true
	      		POSITION ul
	      		FONT arial-bold
	      		TYPE TRUETYPE
	      		SIZE 8
	      		COLOR 254 254 254
	      		BACKGROUNDCOLOR 0 204 51
	      		MINDISTANCE 10
	      		BUFFER 1	      		
	      		POSITION cc
    		END		
	END
END

#Hectometer dwarstrepen
LAYER
	STATUS OFF
	METADATA
	    "wms_title"				"hm_dwarsstrepen"
	    "group_title" "hectometrering"
  	END
	CONNECTIONTYPE postgis
	NAME "hm_dwarsstrepen"
	GROUP hectometrering
	CONNECTION "user=postgres password=***REMOVED*** dbname=pnb_wis host=w1.b3p.nl"
	DATA "the_geom from hm_dwarsstrepen"
	#MAXSCALE 200000
	TYPE LINE
	DUMP TRUE
	TEMPLATE bla
	CLASS
		NAME "hm_dwarsstrepen"
		COLOR 0 0 0
		SYMBOL "circle"
		SIZE 2
	END
END

LAYER
	STATUS OFF
	METADATA
	    "wms_title"				"telvakken"	    
  	END
	CONNECTIONTYPE postgis
	NAME "telvakken"
	CONNECTION "user=postgres password=***REMOVED*** dbname=pnb_wis host=w1.b3p.nl"
	DATA "the_geom from telvakken"
	#MAXSCALE 100000
	TYPE LINE
	DUMP TRUE
	TEMPLATE bla
	CLASS
		NAME "telvakken"
		COLOR 0 0 255
		SYMBOL "circle"
		SIZE 2
	END
END

#ontsnippering
LAYER
	STATUS OFF
	METADATA
	    "wms_title"				"ontsnippering"	  
	END
	CONNECTIONTYPE postgis
	NAME "ontsnippering"
	CONNECTION "user=postgres password=***REMOVED*** dbname=pnb_wis host=w1.b3p.nl"
	DATA "the_geom from ontsnippering"
	MAXSCALE 50000
	TYPE POINT
	DUMP TRUE
	TEMPLATE bla
	TOLERANCE 100
	TRANSPARENCY alpha
	#Ontsnippering wordt al getoond in het thema ontsnippering
	CLASS
		NAME "Ontsnippering"
		STYLE			
			ANGLEITEM "weg_richting"
			COLOR 0 255 0
			SYMBOL "ontsnippering"
			SIZE 20
		END
		
	END
END

#ongevallen
LAYER
	STATUS OFF
	METADATA
	    "wms_title"				"ongevallen"  
    		"gml_include_items" "all"	  
	END
	CONNECTIONTYPE postgis
	NAME "ongevallen"
	CONNECTION "user=postgres password=***REMOVED*** dbname=pnb_wis host=w1.b3p.nl"
	DATA "the_geom from ongevallen"
	TYPE LINE
	DUMP TRUE
	TEMPLATE bla
	TOLERANCE 100
	TRANSPARENCY 30
	#Ontsnippering wordt al getoond in het thema ontsnippering
	CLASS
		NAME "Ongevallen"
		STYLE
			COLOR 255 0 0
			SYMBOL "circle"
			SIZE 20
		END
	END
END

#Dynamische verkeers management
LAYER
	STATUS OFF
	METADATA
	    "wms_title"				"dvm"
	END
	CONNECTIONTYPE postgis
	NAME "dvm"
	CONNECTION "user=postgres password=***REMOVED*** dbname=pnb_wis host=w1.b3p.nl"
	DATA "the_geom from dvm"
	TYPE POINT
	DUMP TRUE
	TEMPLATE bla
	TOLERANCE 100	
	CLASS
		NAME "dvm"
		STYLE
			COLOR 0 0 255
			SYMBOL "point1"
			SIZE 2
		END
	END
END

#Markeringen
#Markeringen lijnen
LAYER
	STATUS OFF
	METADATA
	    "wms_title"				"markeringslijnen"
	    "group_title" "markeringen"
	END
	CONNECTIONTYPE postgis
	NAME "markeringslijnen"
	GROUP markeringen
	CONNECTION "user=postgres password=***REMOVED*** dbname=pnb_wis host=w1.b3p.nl"
	DATA "the_geom from markeringen"
	FILTER "geometrytype(the_geom)!='MULTILINE'"
	TYPE LINE
	DUMP TRUE
	TEMPLATE bla
	TOLERANCE 10	
	CLASS
		NAME "Markeringslijnen"
		STYLE
			COLOR 0 0 0
			SYMBOL "circle"
			SIZE 3
		END
		STYLE
			COLOR 255 255 255
			SYMBOL "circle"
			SIZE 2
		END
	END
END
#Markeringen punten
LAYER
	STATUS OFF
	METADATA
	    "wms_title"				"markeringspunten"
	    "group_title" "markeringen"
	END
	CONNECTIONTYPE postgis
	NAME "Markeringspunten"
	GROUP markeringen
	CONNECTION "user=postgres password=***REMOVED*** dbname=pnb_wis host=w1.b3p.nl"
	DATA "the_geom from markeringen"
	FILTER "geometrytype(the_geom)!='MULTIPOINT'"
	TYPE POINT
	DUMP TRUE
	TEMPLATE bla
	TOLERANCE 10	
	CLASS
		NAME "Markeringspunten"
		STYLE
			COLOR 0 0 0
			SYMBOL "point1"
			SIZE 4
		END
		STYLE
			COLOR 255 255 255
			SYMBOL "point1"
			SIZE 2
		END
	END
END

#bestemmingsplannen
LAYER
	STATUS OFF
	METADATA
	    "wms_title"				"bestemmingsplannen"	    
  	END
	CONNECTIONTYPE postgis
	NAME "bestemmingsplannen"
	CONNECTION "user=postgres password=***REMOVED*** dbname=pnb_wis host=w1.b3p.nl"
	DATA "the_geom from bestemmingsplannen"
	#MAXSCALE 100000
	TYPE POLYGON
	DUMP TRUE
	TEMPLATE bla
	TRANSPARENCY 50
	CLASS
		NAME "bestemmingsplannen"
		OUTLINECOLOR 150 150 150
		COLOR 255 255 0
	END
END
#stiltegebieden
LAYER
	STATUS OFF
	METADATA
	    "wms_title"				"stiltegebieden"	    
  	END
	CONNECTIONTYPE postgis
	NAME "stiltegebieden"
	CONNECTION "user=postgres password=***REMOVED*** dbname=pnb_wis host=w1.b3p.nl"
	DATA "the_geom from stiltegebieden"
	#MAXSCALE 100000
	TYPE POLYGON
	DUMP TRUE
	TEMPLATE bla
	TRANSPARENCY 50
	CLASS
		NAME "stiltegebieden"
		OUTLINECOLOR 150 150 150
		COLOR 122 255 122
	END
END

#stiltegebieden
LAYER
	STATUS OFF
	METADATA
	    "wms_title"				"waterschapsgrenzen"	    
  	END
	CONNECTIONTYPE postgis
	NAME "waterschapsgrenzen"
	CONNECTION "user=postgres password=***REMOVED*** dbname=pnb_wis host=w1.b3p.nl"
	DATA "the_geom from waterschapsgrenzen"
	#MAXSCALE 100000
	TYPE POLYGON
	DUMP TRUE
	TEMPLATE bla
	TRANSPARENCY 50
	CLASS
		NAME "waterschapsgrenzen"
		SYMBOL 'circle'
		SIZE 4
		OUTLINECOLOR 0 163 163
	END
END
#Kruisingen
LAYER
	STATUS OFF
	METADATA
	    "wms_title"				"kruisingen"  
    		"gml_include_items" "all"	  
	END
	CONNECTIONTYPE postgis
	NAME "kruisingen"
	CONNECTION "user=postgres password=***REMOVED*** dbname=pnb_wis host=w1.b3p.nl"
	DATA "the_geom from kruisingen"
	TYPE POINT
	DUMP TRUE
	TEMPLATE bla
	TOLERANCE 100
	#Ontsnippering wordt al getoond in het thema ontsnippering
	CLASS
		NAME "kruisingen"
		STYLE
			COLOR 255 0 0
			SYMBOL "point1"
			SIZE 20
		END
	END
END

# kunstwerken
# Klein bijzonderheidje zijn de angles die geven de richting aan waar het kunstwerk naar toe moet staan
# Let op!! Dit is voor FSW 1.3.1 !!! Alle properties met ITEM er in (ANGLEITEM) worden vervangen door de waarde tussen [] te zetten.
LAYER
	STATUS OFF
	METADATA
	    "wms_title"				"kunstwerken"	    
	    "gml_include_items" "all"
  	END
	CONNECTIONTYPE postgis
	NAME "kunstwerken"
	CONNECTION "user=postgres password=***REMOVED*** dbname=pnb_wis host=w1.b3p.nl"
	DATA "the_geom from kunstwerken"
	MAXSCALE 50000
	TYPE POINT
	DUMP TRUE
	TEMPLATE bla
	TOLERANCE 100
	TRANSPARENCY alpha
	CLASS
		EXPRESSION ('[s]'="B")
		NAME "Brug"
		STYLE	
			
			ANGLEITEM "weg_richting"
			COLOR 0 0 255
			SYMBOL "brug"
		END
	END
	CLASS
		EXPRESSION ('[s]'="B-H")
		NAME "Brug-hoogte"
		STYLE
				
			ANGLEITEM "weg_richting"
			COLOR 0 0 255
			SYMBOL "brugHoogte"
		END
	END
	CLASS
		EXPRESSION ('[s]'="B-L")
		NAME "B-L"
		STYLE
			
			ANGLEITEM "weg_richting"
			COLOR 0 0 255
			SYMBOL "bewegendeBrug"
		END
	END
	CLASS
		EXPRESSION ('[s]'="C")
		NAME "Constructie"
		STYLE
			
			ANGLEITEM "weg_richting"
			COLOR 0 0 255
			SYMBOL "constructie"
		END
	END	
	CLASS
		
		EXPRESSION ('[s]'="D")
		NAME "Duiker"
		STYLE
			
			ANGLEITEM "weg_richting"
			COLOR 0 0 255
			SYMBOL "duiker"
		END
	END
	#Ontsnippering wordt al getoond in het thema ontsnippering
	#CLASS
	#	EXPRESSION ('[s]'="D-F")
	#	NAME "Ontsnippering"
	#	STYLE
	#		
	#		ANGLEITEM "weg_richting"
	#		COLOR 0 0 255
	#		SYMBOL "ontsnippering"
	#	END
	#END
	CLASS
		EXPRESSION ('[s]'="D-L")
		NAME "Duiker langs weg liggend"
		STYLE
			
			ANGLEITEM "weg_richting"
			COLOR 0 0 255
			SYMBOL "duikerLangsWeg"
		END
	END
	CLASS
		EXPRESSION ('[s]'="K")
		NAME "Knel kruispunt"
		STYLE
			
			ANGLEITEM "weg_richting"
			COLOR 0 0 255
			SYMBOL "knelKruispunt"
		END
	END
	CLASS
		EXPRESSION ('[s]'="O")
		NAME "O"
		TEXT ([s])
		LABEL
			ANTIALIAS true
			FONT arial-bold
			TYPE TRUETYPE
			SIZE 8
			COLOR 0 0 0
			MINDISTANCE 10
			BUFFER 1
		END
		STYLE
			COLOR 0 0 255
			SYMBOL "point1"
			SIZE 5
		END
	END
	CLASS
		EXPRESSION ('[s]'="R")
		NAME "Rotonde"
		STYLE
			COLOR 0 0 255
			SYMBOL "rotondeElement"
		END
	END
	CLASS
		EXPRESSION ('[s]'="R-A")
		NAME "Rotonde asfalt"
		STYLE
			COLOR 0 0 255
			SYMBOL "rotondeAsfalt"
		END
	END
	CLASS
		EXPRESSION ('[s]'="R-B")
		NAME "Rotonde beton"
		STYLE
			COLOR 0 0 255
			SYMBOL "rotondeBeton"
		END
	END
	CLASS
		EXPRESSION ('[s]'="R-E")
		NAME "Rotonde element"
		STYLE
			
			ANGLEITEM "weg_richting"
			COLOR 0 0 255
			SYMBOL "rotondeElement"
		END
	END
	CLASS
		EXPRESSION ('[s]'="S")
		NAME "Spoorwegovergang"
		STYLE
			
			ANGLEITEM "weg_richting"
			COLOR 0 0 255
			SYMBOL "spoorwegovergang"
		END
	END
	CLASS
		EXPRESSION ('[s]'="T")
		NAME "Tunnel"
		STYLE
			
			ANGLEITEM "weg_richting"
			COLOR 0 0 255
			SYMBOL "tunnel"
		END
	END
	CLASS
		EXPRESSION ('[s]'="T-H")
		NAME "Tunnel hoogte"
		STYLE
			
			ANGLEITEM "weg_richting"
			COLOR 0 0 255
			SYMBOL "tunnelHoogte"
		END
	END
	CLASS
		EXPRESSION ('[s]'="V")
		NAME "Viadukt"
		STYLE
			
			ANGLEITEM "weg_richting"
			COLOR 0 0 255
			SYMBOL "viadukt"
		END
	END
	CLASS
		EXPRESSION ('[s]'="V-H")
		NAME "Viadukt hoogte"
		STYLE
			
			ANGLEITEM "weg_richting"
			COLOR 0 0 255
			SYMBOL "viaduktHoogte"
		END
	END		
END
#kaart met de nwbwegen
LAYER
  NAME nwb
  STATUS OFF
  GROUP achtergrond
  METADATA
    "wms_title" "nwb"
    "group_title" "achtergrond"
  END
  TYPE LINE
  CONNECTIONTYPE postgis
  CONNECTION "user=postgres password=***REMOVED*** dbname=pnb_wis host=w1.b3p.nl"
  DATA "the_geom from nwb"
  DUMP TRUE
  TEMPLATE bla
  LABELITEM "stt_naam"
  CLASSITEM "wegbehsrt"
  TRANSPARENCY 100
  CLASS
    BACKGROUNDCOLOR 220 220 220  
    NAME "Rijkswegen"
    TEXT (A[wegnummerint])
    EXPRESSION "R"
    MAXSCALE 5000000
    MINSCALE 200000
    STYLE
    	COLOR 255 0 0    	
	SYMBOL "circle"
    	SIZE 2
    END
    LABEL
      ANTIALIAS true
      FONT arial-bold
      TYPE TRUETYPE
      SIZE 8
      MINFEATURESIZE 40
      COLOR 254 254 254
      BACKGROUNDCOLOR 255 0 0
      MINDISTANCE 100
      BUFFER 1
    END
  END
  CLASS    
      NAME "Rijkswegen"
      TEXT (A[wegnummerint])
      EXPRESSION "R"
      MAXSCALE 200000
      STYLE
      	COLOR 255 0 0    	
  	SYMBOL "circle"
      	SIZE 4
      END
      STYLE
          COLOR 240 240 0    	
      	SYMBOL "circle"
          SIZE 3
      END
      STYLE
          COLOR 255 0 0    	
      	SYMBOL "circle"
          SIZE 1
      END
      LABEL
        ANTIALIAS true
        FONT arial-bold
        TYPE TRUETYPE
        SIZE 8
        MINFEATURESIZE 40
        COLOR 254 254 254
        BACKGROUNDCOLOR 255 0 0
        MINDISTANCE 100
        BUFFER 1
      END
  END
  CLASS
      NAME "Provincialewegen"
      TEXT ([wegnummer])
      EXPRESSION "P"
      MINSCALE 20000
      STYLE
      	COLOR 0 0 0
      	SYMBOL "circle"
      	SIZE 4
      END
      LABEL
        ANTIALIAS true
        FONT arial-bold
        TYPE TRUETYPE
        SIZE 8
        MINFEATURESIZE 40
        COLOR 0 0 0
        BACKGROUNDCOLOR 255 255 0
        MINDISTANCE 100
        BUFFER 1
      END
  END
  CLASS
        NAME "Provincialewegen"
        TEXT ([wegnummer])
        EXPRESSION "P"
        MAXSCALE 20000
        STYLE
        	COLOR -1 -1 -1        	
        END
        LABEL
	  ANTIALIAS true
	  FONT arial-bold
	  TYPE TRUETYPE
	  SIZE 8
	  MINFEATURESIZE 40
	  COLOR 0 0 0
	  BACKGROUNDCOLOR 255 255 0
	  MINDISTANCE 100
	  BUFFER 1
        END
  END
  CLASS
      NAME "Gemeentewegen"
      EXPRESSION "G"
      MAXSCALE 30000
      MINSCALE 10000
      STYLE
       COLOR 102 102 102
       SYMBOL 'circle'
       SIZE 3
      END
      STYLE
	     COLOR 254 254 254
	     SYMBOL 'circle'
	     SIZE 1
      END 
      LABEL
        ANTIALIAS true
        FONT arial
        TYPE TRUETYPE
        SIZE 8
        COLOR 0 0 0
        OUTLINECOLOR 254 254 254 
        MINDISTANCE 100
        BUFFER 1
        ANGLE AUTO
        MINFEATURESIZE 150
      END
  END
  CLASS
        NAME "Gemeentewegen"
        EXPRESSION "G"
        MAXSCALE 10000
        STYLE
         COLOR 102 102 102
         SYMBOL 'circle'
         SIZE 11
        END
        STYLE
         COLOR 255 255 255
         SYMBOL 'circle'
         SIZE 9
        END
        LABEL
          ANTIALIAS true
          FONT arial
          TYPE TRUETYPE
          SIZE 8
          COLOR 0 0 0
          OUTLINECOLOR 254 254 254 
          MINDISTANCE 100
          BUFFER 1
          ANGLE AUTO
          MINFEATURESIZE 60
        END
  END  
END
#Alle dtb punten
LAYER
	NAME dtb_point
	STATUS OFF
	GROUP achtergrond
	METADATA
		"wms_title" "dtb_point"
		"group_title" "achtergrond"
	END
	TYPE POINT
	CONNECTIONTYPE postgis
	CONNECTION "user=postgres password=***REMOVED*** dbname=pnb_wis host=w1.b3p.nl"
	DATA "the_geom from dtb_lines_preferred as foo USING UNIQUE oid USING SRID=28992"
	#for feature info"
	DUMP TRUE
	TEMPLATE bla
	MAXSCALE 20000
	TRANSPARENCY 100	
	CLASSITEM "igds_level_name"
	CLASS
		EXPRESSION "1101"
		NAME "Kant hoofdrijbaan"
		STYLE
			COLOR 255 225 255
			SYMBOL "circle"
			SIZE 2
		END
	END
	CLASS
		EXPRESSION "1104"
		NAME "Kant fietspad strook"
		STYLE
			COLOR 255 1125 0
			SYMBOL "circle"
			SIZE 2
		END
	END
	CLASS
		EXPRESSION "1105"
		NAME "Kant parallelweg"
		STYLE
			COLOR 175 255 170
			SYMBOL "circle"
			SIZE 2
		END
	END
	CLASS
		EXPRESSION "1106"
		NAME "Kant goot"
		STYLE
			COLOR 195 195 0
			SYMBOL "circle"
			SIZE 2
		END
	END
	CLASS
		EXPRESSION "1107"
		NAME "Kant verhoogde band"
		STYLE
			COLOR 245 180 0
			SYMBOL "circle"
			SIZE 2			
		END
	END
	CLASS
		EXPRESSION "1110"
		NAME "Kant overige verhardingen"
		STYLE
			COLOR 175 225 180
			SYMBOL "circle"
			SIZE 2
		END
	END
	CLASS
		EXPRESSION "1112"
		NAME "Kant voetpad"
		STYLE
			COLOR 195 195 0
			SYMBOL "circle"
			SIZE 2
		END
	END
	CLASS
		EXPRESSION "1404"
		NAME "Insteek of oeverlijn"
		STYLE
			COLOR 0 0 255
			SYMBOL "circle"
			SIZE 2
		END
	END
	CLASS
		EXPRESSION "2004"
		NAME "Duurzaam hekwerk of raster"
		STYLE
			COLOR  0 225 0
			SYMBOL "circle"
			SIZE 2
		END
	END
	CLASS
		EXPRESSION "2005"
		NAME "Afrastering"
		STYLE
			COLOR 0 225 0
			SYMBOL "circle"
			SIZE 2
		END
	END
	CLASS
		EXPRESSION "3602"
		NAME "Putdeksel"
		STYLE
			COLOR 255 255 0
			SYMBOL "circle"
			SIZE 2
		END
	END
	CLASS
		EXPRESSION "3603"
		NAME "Straatrooster ware afmeting"
		STYLE
			COLOR 255 255 160
			SYMBOL "circle"
			SIZE 2
		END
	END
END
# alle dtb lijnen
LAYER
	NAME dtb_line
	STATUS OFF
	GROUP achtergrond
	METADATA
		"wms_title" "dtb_line"
		"group_title" "achtergrond"
		"gml_include_items" "the_geom"
	END
	TYPE LINE
	CONNECTIONTYPE postgis
	CONNECTION "user=postgres password=***REMOVED*** dbname=pnb_wis host=w1.b3p.nl"
	DATA "the_geom from dtb_lines_preferred as foo USING UNIQUE oid USING SRID=28992"
	#for feature info"
	DUMP TRUE
	TEMPLATE bla
	TOLERANCE 100
	MAXSCALE 20000
	CLASSITEM "igds_level_name"
	CLASS
		EXPRESSION "1101"
		NAME "Kant hoofdrijbaan"
		STYLE
			COLOR 255 225 255
			SYMBOL "circle"
			SIZE 2
		END
	END	
	CLASS
		EXPRESSION "1102"
		NAME "Kant verharde zijwegen en paden"
		STYLE
			COLOR 0 255 255
			SYMBOL "circle"
			SIZE 2
		END
	END
	CLASS
		EXPRESSION "1103"
		NAME "Matriaalscheiding"
		STYLE
			COLOR 225 200 175
			SYMBOL "circle"
			SIZE 2
		END
	END
	CLASS
		EXPRESSION "1104"
		NAME "Kant fietspad strook"
		STYLE
			COLOR 255 1125 0
			SYMBOL "circle"
			SIZE 2
		END
	END
	CLASS
		EXPRESSION "1105"
		NAME "Kant parallelweg"
		STYLE
			COLOR 175 255 170
			SYMBOL "circle"
			SIZE 2
		END
	END
	CLASS
		EXPRESSION "1106"
		NAME "Kant goot"
		STYLE
			COLOR 195 195 0
			SYMBOL "circle"
			SIZE 2
		END
	END
	CLASS
		EXPRESSION "1107"
		NAME "Kant verhoogde band"
		STYLE
			COLOR 245 180 0
			SYMBOL "circle"
			SIZE 2			
		END
	END
	CLASS
		EXPRESSION "1108"
		NAME "Kant parkeerstrook pechstrook"
		STYLE
			COLOR 140 45 225
			SYMBOL "circle"
			SIZE 2
		END
	END
	CLASS
		EXPRESSION "1109"
		NAME "Kant halteplaats"
		STYLE
			COLOR 155 50 255
			SYMBOL "circle"
			SIZE 2
		END
	END
	CLASS
		EXPRESSION "1110"
		NAME "Kant overige verhardingen"
		STYLE
			COLOR 175 225 180
			SYMBOL "circle"
			SIZE 2
		END
	END
	CLASS
		EXPRESSION "1111"
		NAME "Kant rabat"
		STYLE
			COLOR 235 200 220
			SYMBOL "circle"
			SIZE 2
		END
	END
	CLASS
		EXPRESSION "1112"
		NAME "Kant voetpad"
		STYLE
			COLOR 195 195 0
			SYMBOL "circle"
			SIZE 2
		END
	END
	CLASS
		EXPRESSION "1113"
		NAME "Kant weg zonder verhardingsconstructie"
		STYLE
			COLOR 120 120 120
			SYMBOL "circle"
			SIZE 2
		END
	END
	CLASS
		EXPRESSION "1114"
		NAME "Kant invoeger uitvoeger"
		STYLE
			COLOR 255 255 255
			SYMBOL "circle"
			SIZE 2
		END
	END
	CLASS
		EXPRESSION "1201"
		NAME "Midden asstreep onderbroken"
		STYLE
			COLOR 255 255 255
			SYMBOL "circle"
			SIZE 2
		END
	END
	CLASS
		EXPRESSION "1202"
		NAME "Midden asstreep doorgetrokken"
		STYLE
			COLOR 255 255 255
			SYMBOL "circle"
			SIZE 2
		END
	END
	CLASS
		EXPRESSION "1301"
		NAME "Hart spoorstaaf"
		STYLE
			COLOR 175 255 170
			SYMBOL "circle"
			SIZE 2
		END
	END
	CLASS
		EXPRESSION "1304"
		NAME "Bovenkant talud"
		STYLE
			COLOR 215 195 215
			SYMBOL "circle"
			SIZE 2
		END
	END
	CLASS
		EXPRESSION "1305"
		NAME "Onderkant talud"
		STYLE
			COLOR 215 195 215
			SYMBOL "circle"
			SIZE 2
		END
	END
	CLASS
		EXPRESSION "1306"
		NAME "Kniklijn talud"
		STYLE
			COLOR 215 195 215
			SYMBOL "circle"
			SIZE 2
		END
	END
	CLASS
		EXPRESSION "1402"
		NAME "Beschoeiing"
		STYLE
			COLOR 180 165 180
			SYMBOL "circle"
			SIZE 2
		END
	END
	CLASS
		EXPRESSION "1403"
		NAME "Waterlijn"
		STYLE
			COLOR 0 0 255
			SYMBOL "circle"
			SIZE 2
		END
	END
	CLASS
		EXPRESSION "1404"
		NAME "Insteek of oeverlijn"
		STYLE
			COLOR 0 0 255
			SYMBOL "circle"
			SIZE 2
		END
	END
	CLASS
		EXPRESSION "1501"
		NAME "Buitenbelijning kunstwerk"
		STYLE
			COLOR 120 120 0
			SYMBOL "circle"
			SIZE 2
		END
	END
	CLASS
		EXPRESSION "1601"
		NAME "Sluis buitenbelijning"
		STYLE
			COLOR 215 195 215
			SYMBOL "circle"
			SIZE 2
		END
	END
	CLASS
		EXPRESSION "1603"
		NAME "Gemaal of pomp"
		STYLE
			COLOR 180 165 180
			SYMBOL "circle"
			SIZE 2
		END
	END
	CLASS
		EXPRESSION "1604"
		NAME "Stuw"
		STYLE
			COLOR 180 165 180 
			SYMBOL "circle"
			SIZE 2
		END
	END
	CLASS
		EXPRESSION "2004"
		NAME "Duurzaam hekwerk of raster"
		STYLE
			COLOR  0 225 0
			SYMBOL "circle"
			SIZE 2
		END
	END
	CLASS
		EXPRESSION "2005"
		NAME "Afrastering"
		STYLE
			COLOR 0 225 0
			SYMBOL "circle"
			SIZE 2
		END
	END
	CLASS
		EXPRESSION "2011"
		NAME "Faunaraster"
		STYLE
			COLOR 0 225 0
			SYMBOL "circle"
			SIZE 2
		END
	END
	CLASS
		EXPRESSION "3601"
		NAME "Rioolinspectieput ware afmeting"
		STYLE
			COLOR 255 255 160
			SYMBOL "circle"
			SIZE 2
		END
	END
	CLASS
		EXPRESSION "3602"
		NAME "Putdeksel"
		STYLE
			COLOR 255 255 0
			SYMBOL "circle"
			SIZE 2
		END
	END
	CLASS
		EXPRESSION "3603"
		NAME "Straatrooster ware afmeting"
		STYLE
			COLOR 255 255 160
			SYMBOL "circle"
			SIZE 2
		END
	END
	CLASS
		EXPRESSION "3604"
		NAME "Trottoirkolk"
		STYLE
			COLOR 255 255 0
			SYMBOL "circle"
			SIZE 2
		END
	END
	CLASS
		EXPRESSION "3605"
		NAME "Straatkolk"
		STYLE
			COLOR 255 255 0
			SYMBOL "circle"
			SIZE 2
		END
	END
END
# alle dtb polygonen
LAYER
	NAME dtb_polygon
	STATUS OFF
	GROUP achtergrond
	METADATA
		"wms_title" "dtb_polygon"
		"group_title" "achtergrond"
	END
	TYPE POLYGON
	CONNECTIONTYPE postgis
	CONNECTION "user=postgres password=***REMOVED*** dbname=pnb_wis host=w1.b3p.nl"
	DATA "the_geom from dtb_lines_preferred as foo USING UNIQUE oid USING SRID=28992"
	#for feature info"
	DUMP TRUE
	TEMPLATE bla
	TRANSPARENCY 100
	MAXSCALE 20000
	CLASSITEM "igds_level_name"
	CLASS
		EXPRESSION "1101"
		NAME "Kant hoofdrijbaan"
		STYLE
			COLOR 255 225 255
			SYMBOL "circle"
			SIZE 2
		END
	END	
	CLASS
		EXPRESSION "1102"
		NAME "Kant verharde zijwegen en paden"
		STYLE
			COLOR 0 255 255
			SYMBOL "circle"
			SIZE 2
		END
	END
	CLASS
		EXPRESSION "1103"
		NAME "Matriaalscheiding"
		STYLE
			COLOR 225 200 175
			SYMBOL "circle"
			SIZE 2
		END
	END
	CLASS
		EXPRESSION "1104"
		NAME "Kant fietspad strook"
		STYLE
			COLOR 255 1125 0
			SYMBOL "circle"
			SIZE 2
		END
	END
	CLASS
		EXPRESSION "1105"
		NAME "Kant parallelweg"
		STYLE
			COLOR 175 255 170
			SYMBOL "circle"
			SIZE 2
		END
	END
	CLASS
		EXPRESSION "1106"
		NAME "Kant goot"
		STYLE
			COLOR 195 195 0
			SYMBOL "circle"
			SIZE 2
		END
	END
	CLASS
		EXPRESSION "1107"
		NAME "Kant verhoogde band"
		STYLE
			COLOR 245 180 0
			SYMBOL "circle"
			SIZE 2			
		END
	END
	CLASS
		EXPRESSION "1108"
		NAME "Kant parkeerstrook pechstrook"
		STYLE
			COLOR 140 45 225
			SYMBOL "circle"
			SIZE 2
		END
	END
	CLASS
		EXPRESSION "1109"
		NAME "Kant halteplaats"
		STYLE
			COLOR 155 50 255
			SYMBOL "circle"
			SIZE 2
		END
	END
	CLASS
		EXPRESSION "1110"
		NAME "Kant overige verhardingen"
		STYLE
			COLOR 175 225 180
			SYMBOL "circle"
			SIZE 2
		END
	END
	CLASS
		EXPRESSION "1111"
		NAME "Kant rabat"
		STYLE
			COLOR 235 200 220
			SYMBOL "circle"
			SIZE 2
		END
	END
	CLASS
		EXPRESSION "1112"
		NAME "Kant voetpad"
		STYLE
			COLOR 195 195 0
			SYMBOL "circle"
			SIZE 2
		END
	END
	CLASS
		EXPRESSION "1113"
		NAME "Kant weg zonder verhardingsconstructie"
		STYLE
			COLOR 120 120 120
			SYMBOL "circle"
			SIZE 2
		END
	END
	CLASS
		EXPRESSION "1304"
		NAME "Bovenkant talud"
		STYLE
			COLOR 215 195 215
			SYMBOL "circle"
			SIZE 2
		END
	END
	CLASS
		EXPRESSION "1305"
		NAME "Onderkant talud"
		STYLE
			COLOR 215 195 215
			SYMBOL "circle"
			SIZE 2
		END
	END
	CLASS
		EXPRESSION "1306"
		NAME "Kniklijn talud"
		STYLE
			COLOR 215 195 215
			SYMBOL "circle"
			SIZE 2
		END
	END
	CLASS
		EXPRESSION "1402"
		NAME "Beschoeiing"
		STYLE
			COLOR 180 165 180
			SYMBOL "circle"
			SIZE 2
		END
	END
	CLASS
		EXPRESSION "1403"
		NAME "Waterlijn"
		STYLE
			COLOR 0 0 255
			SYMBOL "circle"
			SIZE 2
		END
	END
	CLASS
		EXPRESSION "1404"
		NAME "Insteek of oeverlijn"
		STYLE
			COLOR 0 0 255
			SYMBOL "circle"
			SIZE 2
		END
	END
	CLASS
		EXPRESSION "1501"
		NAME "Buitenbelijning kunstwerk"
		STYLE
			COLOR 120 120 0
			SYMBOL "circle"
			SIZE 2
		END
	END
	CLASS
		EXPRESSION "1601"
		NAME "Sluis buitenbelijning"
		STYLE
			COLOR 215 195 215
			SYMBOL "circle"
			SIZE 2
		END
	END
	CLASS
		EXPRESSION "1603"
		NAME "Gemaal of pomp"
		STYLE
			COLOR 180 165 180
			SYMBOL "circle"
			SIZE 2
		END
	END
	CLASS
		EXPRESSION "1604"
		NAME "Stuw"
		STYLE
			COLOR 180 165 180 
			SYMBOL "circle"
			SIZE 2
		END
	END
	CLASS
		EXPRESSION "2004"
		NAME "Duurzaam hekwerk of raster"
		STYLE
			COLOR  0 225 0
			SYMBOL "circle"
			SIZE 2
		END
	END
	CLASS
		EXPRESSION "2005"
		NAME "Afrastering"
		STYLE
			COLOR 0 225 0
			SYMBOL "circle"
			SIZE 2
		END
	END
	CLASS
		EXPRESSION "2011"
		NAME "Faunaraster"
		STYLE
			COLOR 0 225 0
			SYMBOL "circle"
			SIZE 2
		END
	END
	CLASS
		EXPRESSION "3601"
		NAME "Rioolinspectieput ware afmeting"
		STYLE
			COLOR 255 255 160
			SYMBOL "circle"
			SIZE 2
		END
	END
	CLASS
		EXPRESSION "3602"
		NAME "Putdeksel"
		STYLE
			COLOR 255 255 0
			SYMBOL "circle"
			SIZE 2
		END
	END
	CLASS
		EXPRESSION "3603"
		NAME "Straatrooster ware afmeting"
		STYLE
			COLOR 255 255 160
			SYMBOL "circle"
			SIZE 2
		END
	END
	CLASS
		EXPRESSION "3604"
		NAME "Trottoirkolk"
		STYLE
			COLOR 255 255 0
			SYMBOL "circle"
			SIZE 2
		END
	END
	CLASS
		EXPRESSION "3605"
		NAME "Straatkolk"
		STYLE
			COLOR 255 255 0
			SYMBOL "circle"
			SIZE 2
		END
	END
END

END