SYMBOL
	NAME "petrolico"
	TYPE pixmap
	IMAGE "symbols/petrol.gif"
END
SYMBOL
	NAME "cameraico"
	TYPE pixmap
	IMAGE "symbols/foto.gif"
END
SYMBOL
	NAME "point1"
	TYPE ellipse
	points
		1 1
	end
	FILLED true
END
SYMBOL
	NAME "verkeersbord"
	TYPE pixmap
	IMAGE "symbols/verkeersbord.GIF"
END
SYMBOL
	NAME "verkeerslicht"
	TYPE pixmap
	IMAGE "symbols/verkeerslicht.gif"
END
SYMBOL
	NAME "boom"
	TYPE pixmap
	IMAGE "symbols/boom.gif"
END
SYMBOL
	NAME "rotondeBeton"
	TYPE pixmap
	IMAGE "symbols/rotondeBeton.GIF"
END
SYMBOL
	NAME "rotondeAsfalt"
	TYPE pixmap
	IMAGE "symbols/rotondeAsfalt.GIF"
END
SYMBOL
	NAME "duiker"
	TYPE pixmap
	IMAGE "symbols/duiker.GIF"
END
SYMBOL
	NAME "knelKruispunt"
	TYPE pixmap
	IMAGE "symbols/knelKruispunt.GIF"
END
SYMBOL
	NAME "constructie"
	TYPE pixmap
	IMAGE "symbols/constructie.GIF"
END
SYMBOL
	NAME "brugHoogte"
	TYPE pixmap
	IMAGE "symbols/brugHoogte.GIF"
END
SYMBOL
	NAME "brug"
	TYPE pixmap
	IMAGE "symbols/brug.GIF"
END
SYMBOL
	NAME "viadukt"
	TYPE pixmap
	IMAGE "symbols/viadukt.GIF"
END
SYMBOL
	NAME "viaduktHoogte"
	TYPE pixmap
	IMAGE "symbols/viaduktHoogte.GIF"
END
SYMBOL
	NAME "tunnelHoogte"
	TYPE pixmap
	IMAGE "symbols/tunnelHoogte.GIF"
END
SYMBOL
	NAME "tunnel"
	TYPE pixmap
	IMAGE "symbols/tunnel.GIF"
END
SYMBOL
	NAME "spoorwegovergang"
	TYPE pixmap
	IMAGE "symbols/spoorwegovergang.GIF"
END
SYMBOL 
	NAME "ontsnippering"
	TYPE pixmap
	IMAGE "symbols/ontsnippering.GIF"
END
SYMBOL 
	NAME "bewegendeBrug"
	TYPE pixmap
	IMAGE "symbols/bewegendeBrug.GIF"
END
SYMBOL 
	NAME "duikerLangsWeg"
	TYPE pixmap
	IMAGE "symbols/duikerLangsWeg.GIF"
END
SYMBOL 
	NAME "rotondeElement"
	TYPE pixmap
	IMAGE "symbols/rotondeElement.GIF"
END
SYMBOL
	NAME 'circle'
	TYPE ELLIPSE
	FILLED TRUE
	POINTS 1 1 
	END
END

	
